../Core/Src/main.c:125:13:LED_On	8	static
../Core/Src/main.c:126:13:LED_Off	8	static
../Core/Src/main.c:127:13:LED_Toggle	8	static
../Core/Src/main.c:135:26:MPU_Init	32	static
../Core/Src/main.c:191:26:MPU_ReadAll	56	static
../Core/Src/main.c:221:26:CAN_WaitMailbox	24	static
../Core/Src/main.c:232:26:CAN_SendIMU	64	static
../Core/Src/main.c:298:13:ErrorBlink	24	static
../Core/Src/main.c:320:5:main	96	static
../Core/Src/main.c:438:6:SystemClock_Config	72	static
../Core/Src/main.c:478:13:MX_CAN_Init	8	static
../Core/Src/main.c:502:13:MX_I2C1_Init	8	static
../Core/Src/main.c:523:13:MX_GPIO_Init	40	static
../Core/Src/main.c:550:6:Error_Handler	8	static,ignoring_inline_asm
