../Core/Src/main.c:131:26:ADC_ReadAll	32	static
../Core/Src/main.c:197:26:ADC_ReadFiltered	32	static
../Core/Src/main.c:241:26:CAN_WaitMailbox	24	static
../Core/Src/main.c:257:26:CAN_SendPedais	56	static
../Core/Src/main.c:313:13:ErrorBlink	40	static
../Core/Src/main.c:343:5:main	72	static
../Core/Src/main.c:445:6:SystemClock_Config	88	static
../Core/Src/main.c:495:13:MX_ADC1_Init	24	static
../Core/Src/main.c:540:13:MX_CAN_Init	8	static
../Core/Src/main.c:568:13:MX_GPIO_Init	40	static
../Core/Src/main.c:596:6:Error_Handler	8	static,ignoring_inline_asm
