../Core/Src/main.c:138:26:ADC_ReadAll	32	static
../Core/Src/main.c:252:26:ADC_ReadFiltered	48	static
../Core/Src/main.c:303:26:CAN_WaitMailbox	24	static
../Core/Src/main.c:319:26:CAN_SendPedais	56	static
../Core/Src/main.c:377:13:ErrorBlink	40	static
../Core/Src/main.c:407:5:main	80	static
../Core/Src/main.c:509:6:SystemClock_Config	88	static
../Core/Src/main.c:561:13:MX_ADC1_Init	24	static
../Core/Src/main.c:622:13:MX_CAN_Init	8	static
../Core/Src/main.c:650:13:MX_GPIO_Init	40	static
../Core/Src/main.c:678:6:Error_Handler	8	static,ignoring_inline_asm
